// Jest Snapshot v1, https://goo.gl/fbAQLP

exports[`empty 1`] = `""`;
